// Vitest Snapshot v1, https://vitest.dev/guide/snapshot.html

exports[`Accounts.vue > matches snapshot 1`] = `"<tabbed-page-layout-stub data-v-ffbe8b45="" tabs="Summary,[object Object],[object Object]" modelvalue="Summary" sidebarwidth="w-72 md:w-80" class="accounts-page"></tabbed-page-layout-stub>"`;
