// Vitest Snapshot v1, https://vitest.dev/guide/snapshot.html

exports[`Transactions.vue > matches snapshot 1`] = `"<tabbed-page-layout-stub tabs="Activity,Recurring,Scanner" modelvalue="Activity" sidebarwidth="w-64" class="transactions-page" padding="px-4 sm:px-6 lg:px-8 py-8"></tabbed-page-layout-stub>"`;
